---
source: src/program/latex/generation/diagram/tikz.rs
assertion_line: 57
expression: "TikzOperator::get_tikz_operator(TikzOperator::TikzCphaseTarget)"
---
\control{}
