---
source: src/program/latex/generation/diagram/tikz.rs
assertion_line: 72
expression: "TikzOperator::get_tikz_operator(TikzOperator::TikzNop)"
---
\qw
