---
source: src/program/latex/generation/diagram/tikz.rs
assertion_line: 77
expression: "TikzOperator::get_tikz_operator(TikzOperator::TikzMeasure)"
---
\meter{}
