---
source: src/program/latex.rs
assertion_line: 190
expression: "TikzOperators::get_tikz_operator(TikzOperators::tikz_measure)"
---
\meter{}
