---
source: src/program/latex.rs
assertion_line: 150
expression: "TikzOperators::get_tikz_operator(TikzOperators::tikz_control(2))"
---
\ctrl{2}
