---
source: src/program/latex.rs
assertion_line: 178
expression: "TikzOperators::get_tikz_operator(TikzOperators::tikz_swap_target)"
---
\targX{}
