---
source: src/program/latex/mod.rs
assertion_line: 218
expression: "Command::get_command(Command::Control)"
---
\control{}
