---
source: src/program/latex.rs
assertion_line: 157
expression: "TikzOperators::get_tikz_operator(TikzOperators::tikz_cnot_target)"
---
\targ{}
