---
source: src/program/latex/mod.rs
assertion_line: 223
expression: "Command::get_command(Command::Swap(0))"
---
\swap{0}
