---
source: src/program/latex/mod.rs
assertion_line: 203
expression: "Command::get_command(Command::Meter(0))"
---
\meter{0}
