---
source: src/program/latex.rs
assertion_line: 164
expression: "TikzOperators::get_tikz_operator(TikzOperators::tikz_cphase_target)"
---
\control{}
